<html>
<body>
<pre>
<h1>µVision Build Log</h1>
<h2>Project:</h2>
E:\Project_DIY\ARM\STMF1_BOARD_HAL\MDK-ARM\STMF1_BOARD_HAL.uvproj
Project File Date:  02/01/2015

<h2>Output:</h2>
Build target 'STMF1_BOARD_HAL Configuration'
compiling main.c...
linking...
Program Size: Code=8920 RO-data=336 RW-data=24 ZI-data=1272  
"STMF1_BOARD_HAL Configuration\STMF1_BOARD_HAL Configuration.axf" - 0 Error(s), 0 Warning(s).
</pre>
</body>
</html>
RO-data=336 RW-data=24 ZI-data=1272  
"STMF1_BOARD_HAL Configuration\STMF1_BOARD_HAL Configuration.axf" - 0 Error(s), 1 Warning(s).
